
> @dteviot/web_to_epub@1.0.0 test
> http-server -o unitTest/Tests.html

Starting up http-server, serving ./

http-server settings: 
CORS: disabled
Cache: 3600 seconds
Connection Timeout: 120 seconds
Directory Listings: visible
AutoIndex: visible
Serve GZIP Files: false
Serve Brotli Files: false
Default File Extension: none

Available on:
  http://127.0.0.1:8082
  http://10.142.159.157:8082
  http://192.168.240.1:8082
Hit CTRL-C to stop the server
Open: http://127.0.0.1:8082/unitTest/Tests.html

[2026-06-02T11:45:13.189Z]  "GET /unitTest/Tests.html" "Mozilla/5.0 (X11; Linux x86_64) AppleWebKit/537.36 (KHTML, like Gecko) Chrome/145.0.0.0 Safari/537.36"
[2026-06-02T11:45:13.537Z]  "GET /unitTest/qunit/qunit-1.19.0.css" "Mozilla/5.0 (X11; Linux x86_64) AppleWebKit/537.36 (KHTML, like Gecko) Chrome/145.0.0.0 Safari/537.36"
[2026-06-02T11:45:13.593Z]  "GET /unitTest/qunit/qunit-1.19.0.js" "Mozilla/5.0 (X11; Linux x86_64) AppleWebKit/537.36 (KHTML, like Gecko) Chrome/145.0.0.0 Safari/537.36"
[2026-06-02T11:45:13.608Z]  "GET /plugin/dompurify/dist/purify.min.js" "Mozilla/5.0 (X11; Linux x86_64) AppleWebKit/537.36 (KHTML, like Gecko) Chrome/145.0.0.0 Safari/537.36"
[2026-06-02T11:45:13.615Z]  "GET /unitTest/polyfillChrome.js" "Mozilla/5.0 (X11; Linux x86_64) AppleWebKit/537.36 (KHTML, like Gecko) Chrome/145.0.0.0 Safari/537.36"
[2026-06-02T11:45:13.620Z]  "GET /unitTest/TestUtils.js" "Mozilla/5.0 (X11; Linux x86_64) AppleWebKit/537.36 (KHTML, like Gecko) Chrome/145.0.0.0 Safari/537.36"
[2026-06-02T11:45:13.624Z]  "GET /plugin/js/ReadingList.js" "Mozilla/5.0 (X11; Linux x86_64) AppleWebKit/537.36 (KHTML, like Gecko) Chrome/145.0.0.0 Safari/537.36"
[2026-06-02T11:45:13.699Z]  "GET /plugin/js/UserPreferences.js" "Mozilla/5.0 (X11; Linux x86_64) AppleWebKit/537.36 (KHTML, like Gecko) Chrome/145.0.0.0 Safari/537.36"
[2026-06-02T11:45:13.709Z]  "GET /plugin/js/UIText.js" "Mozilla/5.0 (X11; Linux x86_64) AppleWebKit/537.36 (KHTML, like Gecko) Chrome/145.0.0.0 Safari/537.36"
[2026-06-02T11:45:13.819Z]  "GET /plugin/js/EpubMetaInfo.js" "Mozilla/5.0 (X11; Linux x86_64) AppleWebKit/537.36 (KHTML, like Gecko) Chrome/145.0.0.0 Safari/537.36"
[2026-06-02T11:45:13.825Z]  "GET /plugin/js/ErrorLog.js" "Mozilla/5.0 (X11; Linux x86_64) AppleWebKit/537.36 (KHTML, like Gecko) Chrome/145.0.0.0 Safari/537.36"
[2026-06-02T11:45:13.826Z]  "GET /plugin/js/Util.js" "Mozilla/5.0 (X11; Linux x86_64) AppleWebKit/537.36 (KHTML, like Gecko) Chrome/145.0.0.0 Safari/537.36"
[2026-06-02T11:45:13.827Z]  "GET /plugin/js/Firefox.js" "Mozilla/5.0 (X11; Linux x86_64) AppleWebKit/537.36 (KHTML, like Gecko) Chrome/145.0.0.0 Safari/537.36"
[2026-06-02T11:45:13.828Z]  "GET /plugin/js/DebugUtil.js" "Mozilla/5.0 (X11; Linux x86_64) AppleWebKit/537.36 (KHTML, like Gecko) Chrome/145.0.0.0 Safari/537.36"
[2026-06-02T11:45:13.833Z]  "GET /plugin/js/Download.js" "Mozilla/5.0 (X11; Linux x86_64) AppleWebKit/537.36 (KHTML, like Gecko) Chrome/145.0.0.0 Safari/537.36"
[2026-06-02T11:45:13.852Z]  "GET /plugin/js/HttpClient.js" "Mozilla/5.0 (X11; Linux x86_64) AppleWebKit/537.36 (KHTML, like Gecko) Chrome/145.0.0.0 Safari/537.36"
[2026-06-02T11:45:13.853Z]  "GET /plugin/js/EpubItem.js" "Mozilla/5.0 (X11; Linux x86_64) AppleWebKit/537.36 (KHTML, like Gecko) Chrome/145.0.0.0 Safari/537.36"
[2026-06-02T11:45:13.879Z]  "GET /plugin/js/ParserFactory.js" "Mozilla/5.0 (X11; Linux x86_64) AppleWebKit/537.36 (KHTML, like Gecko) Chrome/145.0.0.0 Safari/537.36"
[2026-06-02T11:45:13.883Z]  "GET /plugin/js/ImageCollector.js" "Mozilla/5.0 (X11; Linux x86_64) AppleWebKit/537.36 (KHTML, like Gecko) Chrome/145.0.0.0 Safari/537.36"
[2026-06-02T11:45:13.884Z]  "GET /plugin/js/Imgur.js" "Mozilla/5.0 (X11; Linux x86_64) AppleWebKit/537.36 (KHTML, like Gecko) Chrome/145.0.0.0 Safari/537.36"
[2026-06-02T11:45:13.897Z]  "GET /plugin/js/ChapterUrlsUI.js" "Mozilla/5.0 (X11; Linux x86_64) AppleWebKit/537.36 (KHTML, like Gecko) Chrome/145.0.0.0 Safari/537.36"
[2026-06-02T11:45:13.908Z]  "GET /plugin/js/DefaultParserUI.js" "Mozilla/5.0 (X11; Linux x86_64) AppleWebKit/537.36 (KHTML, like Gecko) Chrome/145.0.0.0 Safari/537.36"
[2026-06-02T11:45:13.911Z]  "GET /plugin/js/ProgressBar.js" "Mozilla/5.0 (X11; Linux x86_64) AppleWebKit/537.36 (KHTML, like Gecko) Chrome/145.0.0.0 Safari/537.36"
[2026-06-02T11:45:13.912Z]  "GET /plugin/js/Parser.js" "Mozilla/5.0 (X11; Linux x86_64) AppleWebKit/537.36 (KHTML, like Gecko) Chrome/145.0.0.0 Safari/537.36"
[2026-06-02T11:45:13.913Z]  "GET /plugin/js/parsers/WordpressBaseParser.js" "Mozilla/5.0 (X11; Linux x86_64) AppleWebKit/537.36 (KHTML, like Gecko) Chrome/145.0.0.0 Safari/537.36"
[2026-06-02T11:45:13.931Z]  "GET /plugin/js/parsers/ActiveTranslationsParser.js" "Mozilla/5.0 (X11; Linux x86_64) AppleWebKit/537.36 (KHTML, like Gecko) Chrome/145.0.0.0 Safari/537.36"
[2026-06-02T11:45:13.933Z]  "GET /plugin/js/parsers/ArchiveOfOurOwnParser.js" "Mozilla/5.0 (X11; Linux x86_64) AppleWebKit/537.36 (KHTML, like Gecko) Chrome/145.0.0.0 Safari/537.36"
[2026-06-02T11:45:13.948Z]  "GET /plugin/js/parsers/BakaTsukiParser.js" "Mozilla/5.0 (X11; Linux x86_64) AppleWebKit/537.36 (KHTML, like Gecko) Chrome/145.0.0.0 Safari/537.36"
[2026-06-02T11:45:13.950Z]  "GET /plugin/js/parsers/BakaTsukiSeriesPageParser.js" "Mozilla/5.0 (X11; Linux x86_64) AppleWebKit/537.36 (KHTML, like Gecko) Chrome/145.0.0.0 Safari/537.36"
[2026-06-02T11:45:13.951Z]  "GET /plugin/js/parsers/BlogspotParser.js" "Mozilla/5.0 (X11; Linux x86_64) AppleWebKit/537.36 (KHTML, like Gecko) Chrome/145.0.0.0 Safari/537.36"
[2026-06-02T11:45:13.969Z]  "GET /plugin/js/parsers/ChickengegeParser.js" "Mozilla/5.0 (X11; Linux x86_64) AppleWebKit/537.36 (KHTML, like Gecko) Chrome/145.0.0.0 Safari/537.36"
[2026-06-02T11:45:13.970Z]  "GET /plugin/js/parsers/ChineseFantasyNovelsParser.js" "Mozilla/5.0 (X11; Linux x86_64) AppleWebKit/537.36 (KHTML, like Gecko) Chrome/145.0.0.0 Safari/537.36"
[2026-06-02T11:45:13.974Z]  "GET /plugin/js/parsers/ComrademaoParser.js" "Mozilla/5.0 (X11; Linux x86_64) AppleWebKit/537.36 (KHTML, like Gecko) Chrome/145.0.0.0 Safari/537.36"
[2026-06-02T11:45:13.976Z]  "GET /plugin/js/parsers/DefaultParser.js" "Mozilla/5.0 (X11; Linux x86_64) AppleWebKit/537.36 (KHTML, like Gecko) Chrome/145.0.0.0 Safari/537.36"
[2026-06-02T11:45:13.991Z]  "GET /plugin/js/parsers/DeviantArtParser.js" "Mozilla/5.0 (X11; Linux x86_64) AppleWebKit/537.36 (KHTML, like Gecko) Chrome/145.0.0.0 Safari/537.36"
[2026-06-02T11:45:13.993Z]  "GET /plugin/js/parsers/FanFictionParser.js" "Mozilla/5.0 (X11; Linux x86_64) AppleWebKit/537.36 (KHTML, like Gecko) Chrome/145.0.0.0 Safari/537.36"
[2026-06-02T11:45:14.003Z]  "GET /plugin/js/parsers/FicwadParser.js" "Mozilla/5.0 (X11; Linux x86_64) AppleWebKit/537.36 (KHTML, like Gecko) Chrome/145.0.0.0 Safari/537.36"
[2026-06-02T11:45:14.004Z]  "GET /plugin/js/parsers/GravityTalesParser.js" "Mozilla/5.0 (X11; Linux x86_64) AppleWebKit/537.36 (KHTML, like Gecko) Chrome/145.0.0.0 Safari/537.36"
[2026-06-02T11:45:14.009Z]  "GET /plugin/js/parsers/JpmtlParser.js" "Mozilla/5.0 (X11; Linux x86_64) AppleWebKit/537.36 (KHTML, like Gecko) Chrome/145.0.0.0 Safari/537.36"
[2026-06-02T11:45:14.012Z]  "GET /plugin/js/parsers/LightNovelBastionParser.js" "Mozilla/5.0 (X11; Linux x86_64) AppleWebKit/537.36 (KHTML, like Gecko) Chrome/145.0.0.0 Safari/537.36"
[2026-06-02T11:45:14.014Z]  "GET /plugin/js/parsers/LightNovelWorldParser.js" "Mozilla/5.0 (X11; Linux x86_64) AppleWebKit/537.36 (KHTML, like Gecko) Chrome/145.0.0.0 Safari/537.36"
[2026-06-02T11:45:14.018Z]  "GET /plugin/js/parsers/LiteroticaParser.js" "Mozilla/5.0 (X11; Linux x86_64) AppleWebKit/537.36 (KHTML, like Gecko) Chrome/145.0.0.0 Safari/537.36"
[2026-06-02T11:45:14.034Z]  "GET /plugin/js/parsers/LnmtlParser.js" "Mozilla/5.0 (X11; Linux x86_64) AppleWebKit/537.36 (KHTML, like Gecko) Chrome/145.0.0.0 Safari/537.36"
[2026-06-02T11:45:14.035Z]  "GET /plugin/js/parsers/MangadexParser.js" "Mozilla/5.0 (X11; Linux x86_64) AppleWebKit/537.36 (KHTML, like Gecko) Chrome/145.0.0.0 Safari/537.36"
[2026-06-02T11:45:14.036Z]  "GET /plugin/js/parsers/MangaHereParser.js" "Mozilla/5.0 (X11; Linux x86_64) AppleWebKit/537.36 (KHTML, like Gecko) Chrome/145.0.0.0 Safari/537.36"
[2026-06-02T11:45:14.044Z]  "GET /plugin/js/parsers/MuggleNetParser.js" "Mozilla/5.0 (X11; Linux x86_64) AppleWebKit/537.36 (KHTML, like Gecko) Chrome/145.0.0.0 Safari/537.36"
[2026-06-02T11:45:14.053Z]  "GET /plugin/js/parsers/NovelfullParser.js" "Mozilla/5.0 (X11; Linux x86_64) AppleWebKit/537.36 (KHTML, like Gecko) Chrome/145.0.0.0 Safari/537.36"
[2026-06-02T11:45:14.064Z]  "GET /plugin/js/parsers/NovelSpreadParser.js" "Mozilla/5.0 (X11; Linux x86_64) AppleWebKit/537.36 (KHTML, like Gecko) Chrome/145.0.0.0 Safari/537.36"
[2026-06-02T11:45:14.066Z]  "GET /plugin/js/parsers/NovelUniverseParser.js" "Mozilla/5.0 (X11; Linux x86_64) AppleWebKit/537.36 (KHTML, like Gecko) Chrome/145.0.0.0 Safari/537.36"
[2026-06-02T11:45:14.067Z]  "GET /plugin/js/parsers/NovelUpdatesParser.js" "Mozilla/5.0 (X11; Linux x86_64) AppleWebKit/537.36 (KHTML, like Gecko) Chrome/145.0.0.0 Safari/537.36"
[2026-06-02T11:45:14.068Z]  "GET /plugin/js/parsers/NrvnqsrParser.js" "Mozilla/5.0 (X11; Linux x86_64) AppleWebKit/537.36 (KHTML, like Gecko) Chrome/145.0.0.0 Safari/537.36"
[2026-06-02T11:45:14.070Z]  "GET /plugin/js/parsers/QidianParser.js" "Mozilla/5.0 (X11; Linux x86_64) AppleWebKit/537.36 (KHTML, like Gecko) Chrome/145.0.0.0 Safari/537.36"
[2026-06-02T11:45:14.079Z]  "GET /plugin/js/parsers/QinxiaoshuoParser.js" "Mozilla/5.0 (X11; Linux x86_64) AppleWebKit/537.36 (KHTML, like Gecko) Chrome/145.0.0.0 Safari/537.36"
[2026-06-02T11:45:14.091Z]  "GET /plugin/js/parsers/RanobesParser.js" "Mozilla/5.0 (X11; Linux x86_64) AppleWebKit/537.36 (KHTML, like Gecko) Chrome/145.0.0.0 Safari/537.36"
[2026-06-02T11:45:14.092Z]  "GET /plugin/js/parsers/ReadComicOnlineParser.js" "Mozilla/5.0 (X11; Linux x86_64) AppleWebKit/537.36 (KHTML, like Gecko) Chrome/145.0.0.0 Safari/537.36"
[2026-06-02T11:45:14.092Z]  "GET /plugin/js/parsers/RoyalRoadParser.js" "Mozilla/5.0 (X11; Linux x86_64) AppleWebKit/537.36 (KHTML, like Gecko) Chrome/145.0.0.0 Safari/537.36"
[2026-06-02T11:45:14.095Z]  "GET /plugin/js/parsers/ShinsoriParser.js" "Mozilla/5.0 (X11; Linux x86_64) AppleWebKit/537.36 (KHTML, like Gecko) Chrome/145.0.0.0 Safari/537.36"
[2026-06-02T11:45:14.099Z]  "GET /plugin/js/parsers/StocxParser.js" "Mozilla/5.0 (X11; Linux x86_64) AppleWebKit/537.36 (KHTML, like Gecko) Chrome/145.0.0.0 Safari/537.36"
[2026-06-02T11:45:14.100Z]  "GET /plugin/js/parsers/TapreadParser.js" "Mozilla/5.0 (X11; Linux x86_64) AppleWebKit/537.36 (KHTML, like Gecko) Chrome/145.0.0.0 Safari/537.36"
[2026-06-02T11:45:14.116Z]  "GET /plugin/js/parsers/TruyenfullParser.js" "Mozilla/5.0 (X11; Linux x86_64) AppleWebKit/537.36 (KHTML, like Gecko) Chrome/145.0.0.0 Safari/537.36"
[2026-06-02T11:45:14.119Z]  "GET /plugin/js/parsers/TruyenyyParser.js" "Mozilla/5.0 (X11; Linux x86_64) AppleWebKit/537.36 (KHTML, like Gecko) Chrome/145.0.0.0 Safari/537.36"
[2026-06-02T11:45:14.122Z]  "GET /plugin/js/parsers/AsianHobbyistParser.js" "Mozilla/5.0 (X11; Linux x86_64) AppleWebKit/537.36 (KHTML, like Gecko) Chrome/145.0.0.0 Safari/537.36"
[2026-06-02T11:45:14.123Z]  "GET /plugin/js/parsers/LightNovelsTranslationsParser.js" "Mozilla/5.0 (X11; Linux x86_64) AppleWebKit/537.36 (KHTML, like Gecko) Chrome/145.0.0.0 Safari/537.36"
[2026-06-02T11:45:14.124Z]  "GET /plugin/js/parsers/NepustationParser.js" "Mozilla/5.0 (X11; Linux x86_64) AppleWebKit/537.36 (KHTML, like Gecko) Chrome/145.0.0.0 Safari/537.36"
[2026-06-02T11:45:14.126Z]  "GET /plugin/js/parsers/ShmtranslationsParser.js" "Mozilla/5.0 (X11; Linux x86_64) AppleWebKit/537.36 (KHTML, like Gecko) Chrome/145.0.0.0 Safari/537.36"
[2026-06-02T11:45:14.145Z]  "GET /plugin/js/parsers/TranslationChickenParser.js" "Mozilla/5.0 (X11; Linux x86_64) AppleWebKit/537.36 (KHTML, like Gecko) Chrome/145.0.0.0 Safari/537.36"
[2026-06-02T11:45:14.149Z]  "GET /plugin/js/parsers/WattpadParser.js" "Mozilla/5.0 (X11; Linux x86_64) AppleWebKit/537.36 (KHTML, like Gecko) Chrome/145.0.0.0 Safari/537.36"
[2026-06-02T11:45:14.150Z]  "GET /plugin/js/parsers/WebNovelOnlineParser.js" "Mozilla/5.0 (X11; Linux x86_64) AppleWebKit/537.36 (KHTML, like Gecko) Chrome/145.0.0.0 Safari/537.36"
[2026-06-02T11:45:14.151Z]  "GET /plugin/js/parsers/WuxiaBlogParser.js" "Mozilla/5.0 (X11; Linux x86_64) AppleWebKit/537.36 (KHTML, like Gecko) Chrome/145.0.0.0 Safari/537.36"
[2026-06-02T11:45:14.152Z]  "GET /plugin/js/parsers/WuxiaworldParser.js" "Mozilla/5.0 (X11; Linux x86_64) AppleWebKit/537.36 (KHTML, like Gecko) Chrome/145.0.0.0 Safari/537.36"
[2026-06-02T11:45:14.155Z]  "GET /plugin/js/parsers/XbanxiaParser.js" "Mozilla/5.0 (X11; Linux x86_64) AppleWebKit/537.36 (KHTML, like Gecko) Chrome/145.0.0.0 Safari/537.36"
[2026-06-02T11:45:14.186Z]  "GET /plugin/js/parsers/ZirusMusingsParser.js" "Mozilla/5.0 (X11; Linux x86_64) AppleWebKit/537.36 (KHTML, like Gecko) Chrome/145.0.0.0 Safari/537.36"
[2026-06-02T11:45:14.187Z]  "GET /plugin/@zip.js/zip.js/dist/zip-no-worker.min.js" "Mozilla/5.0 (X11; Linux x86_64) AppleWebKit/537.36 (KHTML, like Gecko) Chrome/145.0.0.0 Safari/537.36"
[2026-06-02T11:45:14.192Z]  "GET /plugin/js/EpubItemSupplier.js" "Mozilla/5.0 (X11; Linux x86_64) AppleWebKit/537.36 (KHTML, like Gecko) Chrome/145.0.0.0 Safari/537.36"
[2026-06-02T11:45:14.194Z]  "GET /plugin/js/CoverImageUI.js" "Mozilla/5.0 (X11; Linux x86_64) AppleWebKit/537.36 (KHTML, like Gecko) Chrome/145.0.0.0 Safari/537.36"
[2026-06-02T11:45:14.195Z]  "GET /plugin/js/EpubPacker.js" "Mozilla/5.0 (X11; Linux x86_64) AppleWebKit/537.36 (KHTML, like Gecko) Chrome/145.0.0.0 Safari/537.36"
[2026-06-02T11:45:14.195Z]  "GET /plugin/js/SiteSearchEngine.js" "Mozilla/5.0 (X11; Linux x86_64) AppleWebKit/537.36 (KHTML, like Gecko) Chrome/145.0.0.0 Safari/537.36"
[2026-06-02T11:45:14.226Z]  "GET /plugin/js/SearchEngineUI.js" "Mozilla/5.0 (X11; Linux x86_64) AppleWebKit/537.36 (KHTML, like Gecko) Chrome/145.0.0.0 Safari/537.36"
[2026-06-02T11:45:14.228Z]  "GET /unitTest/UtestReadingList.js" "Mozilla/5.0 (X11; Linux x86_64) AppleWebKit/537.36 (KHTML, like Gecko) Chrome/145.0.0.0 Safari/537.36"
[2026-06-02T11:45:14.232Z]  "GET /unitTest/UtestUserPreferences.js" "Mozilla/5.0 (X11; Linux x86_64) AppleWebKit/537.36 (KHTML, like Gecko) Chrome/145.0.0.0 Safari/537.36"
[2026-06-02T11:45:14.232Z]  "GET /unitTest/UtestUtil.js" "Mozilla/5.0 (X11; Linux x86_64) AppleWebKit/537.36 (KHTML, like Gecko) Chrome/145.0.0.0 Safari/537.36"
[2026-06-02T11:45:14.233Z]  "GET /unitTest/UtestFirefox.js" "Mozilla/5.0 (X11; Linux x86_64) AppleWebKit/537.36 (KHTML, like Gecko) Chrome/145.0.0.0 Safari/537.36"
[2026-06-02T11:45:14.234Z]  "GET /unitTest/UtestDebugUtil.js" "Mozilla/5.0 (X11; Linux x86_64) AppleWebKit/537.36 (KHTML, like Gecko) Chrome/145.0.0.0 Safari/537.36"
[2026-06-02T11:45:14.252Z]  "GET /unitTest/UtestDownload.js" "Mozilla/5.0 (X11; Linux x86_64) AppleWebKit/537.36 (KHTML, like Gecko) Chrome/145.0.0.0 Safari/537.36"
[2026-06-02T11:45:14.270Z]  "GET /unitTest/UtestEpubItem.js" "Mozilla/5.0 (X11; Linux x86_64) AppleWebKit/537.36 (KHTML, like Gecko) Chrome/145.0.0.0 Safari/537.36"
[2026-06-02T11:45:14.272Z]  "GET /unitTest/UtestEpubMetaInfo.js" "Mozilla/5.0 (X11; Linux x86_64) AppleWebKit/537.36 (KHTML, like Gecko) Chrome/145.0.0.0 Safari/537.36"
[2026-06-02T11:45:14.272Z]  "GET /unitTest/UtestEpubPacker.js" "Mozilla/5.0 (X11; Linux x86_64) AppleWebKit/537.36 (KHTML, like Gecko) Chrome/145.0.0.0 Safari/537.36"
[2026-06-02T11:45:14.275Z]  "GET /unitTest/UtestChapterUrlsUI.js" "Mozilla/5.0 (X11; Linux x86_64) AppleWebKit/537.36 (KHTML, like Gecko) Chrome/145.0.0.0 Safari/537.36"
[2026-06-02T11:45:14.275Z]  "GET /unitTest/UtestHttpClient.js" "Mozilla/5.0 (X11; Linux x86_64) AppleWebKit/537.36 (KHTML, like Gecko) Chrome/145.0.0.0 Safari/537.36"
[2026-06-02T11:45:14.278Z]  "GET /unitTest/UtestParser.js" "Mozilla/5.0 (X11; Linux x86_64) AppleWebKit/537.36 (KHTML, like Gecko) Chrome/145.0.0.0 Safari/537.36"
[2026-06-02T11:45:14.297Z]  "GET /unitTest/UtestActiveTranslationsParser.js" "Mozilla/5.0 (X11; Linux x86_64) AppleWebKit/537.36 (KHTML, like Gecko) Chrome/145.0.0.0 Safari/537.36"
[2026-06-02T11:45:14.298Z]  "GET /unitTest/UtestBakaTsukiParser.js" "Mozilla/5.0 (X11; Linux x86_64) AppleWebKit/537.36 (KHTML, like Gecko) Chrome/145.0.0.0 Safari/537.36"
[2026-06-02T11:45:14.318Z]  "GET /unitTest/UtestBlogspotParser.js" "Mozilla/5.0 (X11; Linux x86_64) AppleWebKit/537.36 (KHTML, like Gecko) Chrome/145.0.0.0 Safari/537.36"
[2026-06-02T11:45:14.324Z]  "GET /unitTest/UtestChickengegeParser.js" "Mozilla/5.0 (X11; Linux x86_64) AppleWebKit/537.36 (KHTML, like Gecko) Chrome/145.0.0.0 Safari/537.36"
[2026-06-02T11:45:14.327Z]  "GET /unitTest/UtestChineseFantasyNovelsParser.js" "Mozilla/5.0 (X11; Linux x86_64) AppleWebKit/537.36 (KHTML, like Gecko) Chrome/145.0.0.0 Safari/537.36"
[2026-06-02T11:45:14.328Z]  "GET /unitTest/UtestComrademaoParser.js" "Mozilla/5.0 (X11; Linux x86_64) AppleWebKit/537.36 (KHTML, like Gecko) Chrome/145.0.0.0 Safari/537.36"
[2026-06-02T11:45:14.334Z]  "GET /unitTest/UtestDefaultParser.js" "Mozilla/5.0 (X11; Linux x86_64) AppleWebKit/537.36 (KHTML, like Gecko) Chrome/145.0.0.0 Safari/537.36"
[2026-06-02T11:45:14.335Z]  "GET /unitTest/UtestDeviantArtParser.js" "Mozilla/5.0 (X11; Linux x86_64) AppleWebKit/537.36 (KHTML, like Gecko) Chrome/145.0.0.0 Safari/537.36"
[2026-06-02T11:45:14.336Z]  "GET /unitTest/UtestGravityTalesParser.js" "Mozilla/5.0 (X11; Linux x86_64) AppleWebKit/537.36 (KHTML, like Gecko) Chrome/145.0.0.0 Safari/537.36"
[2026-06-02T11:45:14.349Z]  "GET /unitTest/UtestImageCollector.js" "Mozilla/5.0 (X11; Linux x86_64) AppleWebKit/537.36 (KHTML, like Gecko) Chrome/145.0.0.0 Safari/537.36"
[2026-06-02T11:45:14.370Z]  "GET /unitTest/UtestArchiveOfOurOwnParser.js" "Mozilla/5.0 (X11; Linux x86_64) AppleWebKit/537.36 (KHTML, like Gecko) Chrome/145.0.0.0 Safari/537.36"
[2026-06-02T11:45:14.371Z]  "GET /unitTest/UtestFanFictionParser.js" "Mozilla/5.0 (X11; Linux x86_64) AppleWebKit/537.36 (KHTML, like Gecko) Chrome/145.0.0.0 Safari/537.36"
[2026-06-02T11:45:14.374Z]  "GET /unitTest/UtestFicwadParser.js" "Mozilla/5.0 (X11; Linux x86_64) AppleWebKit/537.36 (KHTML, like Gecko) Chrome/145.0.0.0 Safari/537.36"
[2026-06-02T11:45:14.375Z]  "GET /unitTest/UtestJpmtlParser.js" "Mozilla/5.0 (X11; Linux x86_64) AppleWebKit/537.36 (KHTML, like Gecko) Chrome/145.0.0.0 Safari/537.36"
[2026-06-02T11:45:14.377Z]  "GET /unitTest/UtestLightNovelWorldParser.js" "Mozilla/5.0 (X11; Linux x86_64) AppleWebKit/537.36 (KHTML, like Gecko) Chrome/145.0.0.0 Safari/537.36"
[2026-06-02T11:45:14.378Z]  "GET /unitTest/UtestLiteroticaParser.js" "Mozilla/5.0 (X11; Linux x86_64) AppleWebKit/537.36 (KHTML, like Gecko) Chrome/145.0.0.0 Safari/537.36"
[2026-06-02T11:45:14.394Z]  "GET /unitTest/UtestLnmtlParser.js" "Mozilla/5.0 (X11; Linux x86_64) AppleWebKit/537.36 (KHTML, like Gecko) Chrome/145.0.0.0 Safari/537.36"
[2026-06-02T11:45:14.397Z]  "GET /unitTest/UtestImgur.js" "Mozilla/5.0 (X11; Linux x86_64) AppleWebKit/537.36 (KHTML, like Gecko) Chrome/145.0.0.0 Safari/537.36"
[2026-06-02T11:45:14.408Z]  "GET /unitTest/UtestMangaHereParser.js" "Mozilla/5.0 (X11; Linux x86_64) AppleWebKit/537.36 (KHTML, like Gecko) Chrome/145.0.0.0 Safari/537.36"
[2026-06-02T11:45:14.419Z]  "GET /unitTest/UtestMuggleNetParser.js" "Mozilla/5.0 (X11; Linux x86_64) AppleWebKit/537.36 (KHTML, like Gecko) Chrome/145.0.0.0 Safari/537.36"
[2026-06-02T11:45:14.419Z]  "GET /unitTest/UtestNepustationParser.js" "Mozilla/5.0 (X11; Linux x86_64) AppleWebKit/537.36 (KHTML, like Gecko) Chrome/145.0.0.0 Safari/537.36"
[2026-06-02T11:45:14.420Z]  "GET /unitTest/UtestNovelSpreadParser.js" "Mozilla/5.0 (X11; Linux x86_64) AppleWebKit/537.36 (KHTML, like Gecko) Chrome/145.0.0.0 Safari/537.36"
[2026-06-02T11:45:14.421Z]  "GET /unitTest/UtestNovelfullParser.js" "Mozilla/5.0 (X11; Linux x86_64) AppleWebKit/537.36 (KHTML, like Gecko) Chrome/145.0.0.0 Safari/537.36"
[2026-06-02T11:45:14.424Z]  "GET /unitTest/UtestQidianParser.js" "Mozilla/5.0 (X11; Linux x86_64) AppleWebKit/537.36 (KHTML, like Gecko) Chrome/145.0.0.0 Safari/537.36"
[2026-06-02T11:45:14.427Z]  "GET /unitTest/UtestQinxiaoshuoParser.js" "Mozilla/5.0 (X11; Linux x86_64) AppleWebKit/537.36 (KHTML, like Gecko) Chrome/145.0.0.0 Safari/537.36"
[2026-06-02T11:45:14.440Z]  "GET /unitTest/UtestRanobesParser.js" "Mozilla/5.0 (X11; Linux x86_64) AppleWebKit/537.36 (KHTML, like Gecko) Chrome/145.0.0.0 Safari/537.36"
[2026-06-02T11:45:14.453Z]  "GET /unitTest/UtestReadComicOnlineParser.js" "Mozilla/5.0 (X11; Linux x86_64) AppleWebKit/537.36 (KHTML, like Gecko) Chrome/145.0.0.0 Safari/537.36"
[2026-06-02T11:45:14.458Z]  "GET /unitTest/UtestRoyalRoadParser.js" "Mozilla/5.0 (X11; Linux x86_64) AppleWebKit/537.36 (KHTML, like Gecko) Chrome/145.0.0.0 Safari/537.36"
[2026-06-02T11:45:14.458Z]  "GET /unitTest/UtestShinsoriParser.js" "Mozilla/5.0 (X11; Linux x86_64) AppleWebKit/537.36 (KHTML, like Gecko) Chrome/145.0.0.0 Safari/537.36"
[2026-06-02T11:45:14.463Z]  "GET /unitTest/UtestShmtranslationsParser.js" "Mozilla/5.0 (X11; Linux x86_64) AppleWebKit/537.36 (KHTML, like Gecko) Chrome/145.0.0.0 Safari/537.36"
[2026-06-02T11:45:14.465Z]  "GET /unitTest/UtestStocxParser.js" "Mozilla/5.0 (X11; Linux x86_64) AppleWebKit/537.36 (KHTML, like Gecko) Chrome/145.0.0.0 Safari/537.36"
[2026-06-02T11:45:14.466Z]  "GET /unitTest/UtestTapreadParser.js" "Mozilla/5.0 (X11; Linux x86_64) AppleWebKit/537.36 (KHTML, like Gecko) Chrome/145.0.0.0 Safari/537.36"
[2026-06-02T11:45:14.490Z]  "GET /unitTest/UtestTruyenfullParser.js" "Mozilla/5.0 (X11; Linux x86_64) AppleWebKit/537.36 (KHTML, like Gecko) Chrome/145.0.0.0 Safari/537.36"
[2026-06-02T11:45:14.492Z]  "GET /unitTest/UtestTruyenyyParser.js" "Mozilla/5.0 (X11; Linux x86_64) AppleWebKit/537.36 (KHTML, like Gecko) Chrome/145.0.0.0 Safari/537.36"
[2026-06-02T11:45:14.492Z]  "GET /unitTest/UtestTranslationChickenParser.js" "Mozilla/5.0 (X11; Linux x86_64) AppleWebKit/537.36 (KHTML, like Gecko) Chrome/145.0.0.0 Safari/537.36"
[2026-06-02T11:45:14.493Z]  "GET /unitTest/UtestWattpadParser.js" "Mozilla/5.0 (X11; Linux x86_64) AppleWebKit/537.36 (KHTML, like Gecko) Chrome/145.0.0.0 Safari/537.36"
[2026-06-02T11:45:14.497Z]  "GET /unitTest/UtestWebNovelOnlineParser.js" "Mozilla/5.0 (X11; Linux x86_64) AppleWebKit/537.36 (KHTML, like Gecko) Chrome/145.0.0.0 Safari/537.36"
[2026-06-02T11:45:14.498Z]  "GET /unitTest/UtestWuxiaBlogParser.js" "Mozilla/5.0 (X11; Linux x86_64) AppleWebKit/537.36 (KHTML, like Gecko) Chrome/145.0.0.0 Safari/537.36"
[2026-06-02T11:45:14.510Z]  "GET /unitTest/UtestWuxiaworldParser.js" "Mozilla/5.0 (X11; Linux x86_64) AppleWebKit/537.36 (KHTML, like Gecko) Chrome/145.0.0.0 Safari/537.36"
[2026-06-02T11:45:14.523Z]  "GET /unitTest/UtestXbanxiaParser.js" "Mozilla/5.0 (X11; Linux x86_64) AppleWebKit/537.36 (KHTML, like Gecko) Chrome/145.0.0.0 Safari/537.36"
[2026-06-02T11:45:14.524Z]  "GET /unitTest/UtestParserFactory.js" "Mozilla/5.0 (X11; Linux x86_64) AppleWebKit/537.36 (KHTML, like Gecko) Chrome/145.0.0.0 Safari/537.36"
[2026-06-02T11:45:14.524Z]  "GET /unitTest/UtestNovelUpdatesParser.js" "Mozilla/5.0 (X11; Linux x86_64) AppleWebKit/537.36 (KHTML, like Gecko) Chrome/145.0.0.0 Safari/537.36"
[2026-06-02T11:45:14.531Z]  "GET /unitTest/UtestNovelUpdatesParser.js" Error (404): "Not found"
[2026-06-02T11:45:14.621Z]  "GET /favicon.ico" "Mozilla/5.0 (X11; Linux x86_64) AppleWebKit/537.36 (KHTML, like Gecko) Chrome/145.0.0.0 Safari/537.36"
[2026-06-02T11:45:14.624Z]  "GET /favicon.ico" Error (404): "Not found"
[2026-06-02T11:45:15.133Z]  "GET //bp.org/thepic.jpeg" "Mozilla/5.0 (X11; Linux x86_64) AppleWebKit/537.36 (KHTML, like Gecko) Chrome/145.0.0.0 Safari/537.36"
[2026-06-02T11:45:15.135Z]  "GET //bp.org/thepic.jpeg" Error (404): "Not found"
[2026-06-02T11:45:19.965Z]  "GET /testdata/Baka-Tsuki.html" "Mozilla/5.0 (X11; Linux x86_64) AppleWebKit/537.36 (KHTML, like Gecko) Chrome/145.0.0.0 Safari/537.36"
[2026-06-02T11:45:24.959Z]  "GET /testdata/DredC1.html" "Mozilla/5.0 (X11; Linux x86_64) AppleWebKit/537.36 (KHTML, like Gecko) Chrome/145.0.0.0 Safari/537.36"
[2026-06-02T11:45:25.113Z]  "GET /testdata/FanFiction.html" "Mozilla/5.0 (X11; Linux x86_64) AppleWebKit/537.36 (KHTML, like Gecko) Chrome/145.0.0.0 Safari/537.36"
[2026-06-02T11:45:25.974Z]  "GET /testdata/FanFictionSinglePage.html" "Mozilla/5.0 (X11; Linux x86_64) AppleWebKit/537.36 (KHTML, like Gecko) Chrome/145.0.0.0 Safari/537.36"
[2026-06-02T11:45:30.961Z]  "GET /testdata/muggleNet.html" "Mozilla/5.0 (X11; Linux x86_64) AppleWebKit/537.36 (KHTML, like Gecko) Chrome/145.0.0.0 Safari/537.36"
[2026-06-02T11:45:31.996Z]  "GET /testdata/muggleNetSinglePage.html" "Mozilla/5.0 (X11; Linux x86_64) AppleWebKit/537.36 (KHTML, like Gecko) Chrome/145.0.0.0 Safari/537.36"
[2026-06-02T11:46:22.381Z]  "GET /unitTest/Tests.html?testId=42775627" "Mozilla/5.0 (X11; Linux x86_64) AppleWebKit/537.36 (KHTML, like Gecko) Chrome/145.0.0.0 Safari/537.36"
[2026-06-02T11:46:22.853Z]  "GET /unitTest/UtestNovelUpdatesParser.js" "Mozilla/5.0 (X11; Linux x86_64) AppleWebKit/537.36 (KHTML, like Gecko) Chrome/145.0.0.0 Safari/537.36"
[2026-06-02T11:46:22.861Z]  "GET /unitTest/UtestNovelUpdatesParser.js" Error (404): "Not found"
[2026-06-02T11:46:26.404Z]  "GET /unitTest/UtestNovelUpdatesParser.js" "Mozilla/5.0 (X11; Linux x86_64) AppleWebKit/537.36 (KHTML, like Gecko) Chrome/145.0.0.0 Safari/537.36"
[2026-06-02T11:46:26.405Z]  "GET /unitTest/UtestNovelUpdatesParser.js" Error (404): "Not found"
[2026-06-02T11:46:27.765Z]  "GET /unitTest/UtestNovelUpdatesParser.js" "Mozilla/5.0 (X11; Linux x86_64) AppleWebKit/537.36 (KHTML, like Gecko) Chrome/145.0.0.0 Safari/537.36"
[2026-06-02T11:46:27.768Z]  "GET /unitTest/UtestNovelUpdatesParser.js" Error (404): "Not found"
[2026-06-02T11:46:28.350Z]  "GET /unitTest/UtestNovelUpdatesParser.js" "Mozilla/5.0 (X11; Linux x86_64) AppleWebKit/537.36 (KHTML, like Gecko) Chrome/145.0.0.0 Safari/537.36"
[2026-06-02T11:46:28.353Z]  "GET /unitTest/UtestNovelUpdatesParser.js" Error (404): "Not found"
[2026-06-02T11:47:09.354Z]  "GET /unitTest/UtestNovelUpdatesParser.js" "Mozilla/5.0 (X11; Linux x86_64) AppleWebKit/537.36 (KHTML, like Gecko) Chrome/145.0.0.0 Safari/537.36"
[2026-06-02T11:47:09.364Z]  "GET /unitTest/UtestNovelUpdatesParser.js" Error (404): "Not found"
[2026-06-02T11:47:10.864Z]  "GET /unitTest/UtestNovelUpdatesParser.js" "Mozilla/5.0 (X11; Linux x86_64) AppleWebKit/537.36 (KHTML, like Gecko) Chrome/145.0.0.0 Safari/537.36"
[2026-06-02T11:47:10.872Z]  "GET /unitTest/UtestNovelUpdatesParser.js" Error (404): "Not found"
